3 April 2026 @ 3:04 pm|site-icon.webp| 322|You can only optimize images from a domain using a single free account. Request rejected.( Attachment ID  322 ) ( Attachment ID  322 ) ;
3 April 2026 @ 3:04 pm|section-studiochao-scaled.jpg| 308|You can only optimize images from a domain using a single free account. Request rejected.( Attachment ID  308 ) ( Attachment ID  308 ) ;
3 April 2026 @ 3:04 pm|hero-quemsomos-scaled.jpg| 306|You can only optimize images from a domain using a single free account. Request rejected.( Attachment ID  306 ) ( Attachment ID  306 ) ;
3 April 2026 @ 3:04 pm|luana.jpg| 304|You can only optimize images from a domain using a single free account. Request rejected.( Attachment ID  304 ) ( Attachment ID  304 ) ;
3 April 2026 @ 3:04 pm|neuza.jpg| 303|You can only optimize images from a domain using a single free account. Request rejected.( Attachment ID  303 ) ( Attachment ID  303 ) ;
3 April 2026 @ 3:04 pm|residencial-scaled.jpg| 302|You can only optimize images from a domain using a single free account. Request rejected.( Attachment ID  302 ) ( Attachment ID  302 ) ;
3 April 2026 @ 3:04 pm|corporativo-scaled.jpg| 301|You can only optimize images from a domain using a single free account. Request rejected.( Attachment ID  301 ) ( Attachment ID  301 ) ;
3 April 2026 @ 3:04 pm|comercial-scaled.jpg| 300|You can only optimize images from a domain using a single free account. Request rejected.( Attachment ID  300 ) ( Attachment ID  300 ) ;
3 April 2026 @ 3:04 pm|hero-2-1-scaled.webp| 287|You can only optimize images from a domain using a single free account. Request rejected.( Attachment ID  287 ) ( Attachment ID  287 ) ;
3 April 2026 @ 3:04 pm|hero-2-scaled.webp| 283|You can only optimize images from a domain using a single free account. Request rejected.( Attachment ID  283 ) ( Attachment ID  283 ) ;
3 April 2026 @ 3:04 pm|site-icon.webp| 322|You can only optimize images from a domain using a single free account. Request rejected.( Attachment ID  322 ) ( Attachment ID  322 ) ;
3 April 2026 @ 3:04 pm|section-studiochao-scaled.jpg| 308|You can only optimize images from a domain using a single free account. Request rejected.( Attachment ID  308 ) ( Attachment ID  308 ) ;
3 April 2026 @ 3:04 pm|hero-quemsomos-scaled.jpg| 306|You can only optimize images from a domain using a single free account. Request rejected.( Attachment ID  306 ) ( Attachment ID  306 ) ;
3 April 2026 @ 3:04 pm|luana.jpg| 304|You can only optimize images from a domain using a single free account. Request rejected.( Attachment ID  304 ) ( Attachment ID  304 ) ;
3 April 2026 @ 3:04 pm|neuza.jpg| 303|You can only optimize images from a domain using a single free account. Request rejected.( Attachment ID  303 ) ( Attachment ID  303 ) ;
3 April 2026 @ 3:04 pm|residencial-scaled.jpg| 302|You can only optimize images from a domain using a single free account. Request rejected.( Attachment ID  302 ) ( Attachment ID  302 ) ;
3 April 2026 @ 3:04 pm|corporativo-scaled.jpg| 301|You can only optimize images from a domain using a single free account. Request rejected.( Attachment ID  301 ) ( Attachment ID  301 ) ;
3 April 2026 @ 3:04 pm|comercial-scaled.jpg| 300|You can only optimize images from a domain using a single free account. Request rejected.( Attachment ID  300 ) ( Attachment ID  300 ) ;
3 April 2026 @ 3:04 pm|hero-2-1-scaled.webp| 287|You can only optimize images from a domain using a single free account. Request rejected.( Attachment ID  287 ) ( Attachment ID  287 ) ;
3 April 2026 @ 3:04 pm|hero-2-scaled.webp| 283|You can only optimize images from a domain using a single free account. Request rejected.( Attachment ID  283 ) ( Attachment ID  283 ) ;
3 April 2026 @ 3:04 pm|hero-1-scaled.webp| 282|You can only optimize images from a domain using a single free account. Request rejected.( Attachment ID  282 ) ( Attachment ID  282 ) ;
3 April 2026 @ 3:04 pm|hero-4-scaled.webp| 281|You can only optimize images from a domain using a single free account. Request rejected.( Attachment ID  281 ) ( Attachment ID  281 ) ;
3 April 2026 @ 3:04 pm|site-icon.webp| 322|You can only optimize images from a domain using a single free account. Request rejected.( Attachment ID  322 ) ( Attachment ID  322 ) ;
3 April 2026 @ 3:04 pm|hero-3-scaled.webp| 280|You can only optimize images from a domain using a single free account. Request rejected.( Attachment ID  280 ) ( Attachment ID  280 ) ;
3 April 2026 @ 3:05 pm|section-studiochao-scaled.jpg| 308|You can only optimize images from a domain using a single free account. Request rejected.( Attachment ID  308 ) ( Attachment ID  308 ) ;
3 April 2026 @ 3:05 pm|residencial-scaled.jpg| 302|You can only optimize images from a domain using a single free account. Request rejected.( Attachment ID  302 ) ( Attachment ID  302 ) ;
3 April 2026 @ 3:05 pm|corporativo-scaled.jpg| 301|You can only optimize images from a domain using a single free account. Request rejected.( Attachment ID  301 ) ( Attachment ID  301 ) ;
3 April 2026 @ 3:05 pm|comercial-scaled.jpg| 300|You can only optimize images from a domain using a single free account. Request rejected.( Attachment ID  300 ) ( Attachment ID  300 ) ;
3 April 2026 @ 3:05 pm|hero-2-1-scaled.webp| 287|You can only optimize images from a domain using a single free account. Request rejected.( Attachment ID  287 ) ( Attachment ID  287 ) ;
3 April 2026 @ 3:05 pm|hero-2-scaled.webp| 283|You can only optimize images from a domain using a single free account. Request rejected.( Attachment ID  283 ) ( Attachment ID  283 ) ;
3 April 2026 @ 3:05 pm|site-icon.webp| 322|You can only optimize images from a domain using a single free account. Request rejected.( Attachment ID  322 ) ( Attachment ID  322 ) ;
3 April 2026 @ 3:05 pm|section-studiochao-scaled.jpg| 308|You can only optimize images from a domain using a single free account. Request rejected.( Attachment ID  308 ) ( Attachment ID  308 ) ;
3 April 2026 @ 3:05 pm|hero-quemsomos-scaled.jpg| 306|You can only optimize images from a domain using a single free account. Request rejected.( Attachment ID  306 ) ( Attachment ID  306 ) ;
3 April 2026 @ 3:05 pm|luana.jpg| 304|You can only optimize images from a domain using a single free account. Request rejected.( Attachment ID  304 ) ( Attachment ID  304 ) ;
3 April 2026 @ 3:05 pm|neuza.jpg| 303|You can only optimize images from a domain using a single free account. Request rejected.( Attachment ID  303 ) ( Attachment ID  303 ) ;
3 April 2026 @ 3:05 pm|residencial-scaled.jpg| 302|You can only optimize images from a domain using a single free account. Request rejected.( Attachment ID  302 ) ( Attachment ID  302 ) ;
3 April 2026 @ 3:05 pm|corporativo-scaled.jpg| 301|You can only optimize images from a domain using a single free account. Request rejected.( Attachment ID  301 ) ( Attachment ID  301 ) ;
3 April 2026 @ 3:05 pm|comercial-scaled.jpg| 300|You can only optimize images from a domain using a single free account. Request rejected.( Attachment ID  300 ) ( Attachment ID  300 ) ;
3 April 2026 @ 3:05 pm|hero-2-1-scaled.webp| 287|You can only optimize images from a domain using a single free account. Request rejected.( Attachment ID  287 ) ( Attachment ID  287 ) ;
3 April 2026 @ 3:05 pm|hero-2-scaled.webp| 283|You can only optimize images from a domain using a single free account. Request rejected.( Attachment ID  283 ) ( Attachment ID  283 ) ;
3 April 2026 @ 3:05 pm|site-icon.webp| 322|You can only optimize images from a domain using a single free account. Request rejected.( Attachment ID  322 ) ( Attachment ID  322 ) ;
3 April 2026 @ 3:05 pm|section-studiochao-scaled.jpg| 308|You can only optimize images from a domain using a single free account. Request rejected.( Attachment ID  308 ) ( Attachment ID  308 ) ;
3 April 2026 @ 3:05 pm|hero-quemsomos-scaled.jpg| 306|You can only optimize images from a domain using a single free account. Request rejected.( Attachment ID  306 ) ( Attachment ID  306 ) ;
3 April 2026 @ 3:05 pm|luana.jpg| 304|You can only optimize images from a domain using a single free account. Request rejected.( Attachment ID  304 ) ( Attachment ID  304 ) ;
3 April 2026 @ 3:05 pm|neuza.jpg| 303|You can only optimize images from a domain using a single free account. Request rejected.( Attachment ID  303 ) ( Attachment ID  303 ) ;
3 April 2026 @ 3:05 pm|residencial-scaled.jpg| 302|You can only optimize images from a domain using a single free account. Request rejected.( Attachment ID  302 ) ( Attachment ID  302 ) ;
3 April 2026 @ 3:05 pm|corporativo-scaled.jpg| 301|You can only optimize images from a domain using a single free account. Request rejected.( Attachment ID  301 ) ( Attachment ID  301 ) ;
3 April 2026 @ 3:05 pm|comercial-scaled.jpg| 300|You can only optimize images from a domain using a single free account. Request rejected.( Attachment ID  300 ) ( Attachment ID  300 ) ;
3 April 2026 @ 3:05 pm|hero-2-1-scaled.webp| 287|You can only optimize images from a domain using a single free account. Request rejected.( Attachment ID  287 ) ( Attachment ID  287 ) ;
3 April 2026 @ 3:05 pm|hero-2-scaled.webp| 283|You can only optimize images from a domain using a single free account. Request rejected.( Attachment ID  283 ) ( Attachment ID  283 ) ;
3 April 2026 @ 3:05 pm|site-icon.webp| 322|You can only optimize images from a domain using a single free account. Request rejected.( Attachment ID  322 ) ( Attachment ID  322 ) ;
3 April 2026 @ 3:05 pm|hero-1-scaled.webp| 282|You can only optimize images from a domain using a single free account. Request rejected.( Attachment ID  282 ) ( Attachment ID  282 ) ;
3 April 2026 @ 3:05 pm|section-studiochao-scaled.jpg| 308|You can only optimize images from a domain using a single free account. Request rejected.( Attachment ID  308 ) ( Attachment ID  308 ) ;
3 April 2026 @ 3:05 pm|hero-4-scaled.webp| 281|You can only optimize images from a domain using a single free account. Request rejected.( Attachment ID  281 ) ( Attachment ID  281 ) ;
3 April 2026 @ 3:05 pm|hero-quemsomos-scaled.jpg| 306|You can only optimize images from a domain using a single free account. Request rejected.( Attachment ID  306 ) ( Attachment ID  306 ) ;
3 April 2026 @ 3:05 pm|hero-3-scaled.webp| 280|You can only optimize images from a domain using a single free account. Request rejected.( Attachment ID  280 ) ( Attachment ID  280 ) ;
3 April 2026 @ 3:05 pm|luana.jpg| 304|You can only optimize images from a domain using a single free account. Request rejected.( Attachment ID  304 ) ( Attachment ID  304 ) ;
3 April 2026 @ 3:05 pm|neuza.jpg| 303|You can only optimize images from a domain using a single free account. Request rejected.( Attachment ID  303 ) ( Attachment ID  303 ) ;
3 April 2026 @ 3:05 pm|residencial-scaled.jpg| 302|You can only optimize images from a domain using a single free account. Request rejected.( Attachment ID  302 ) ( Attachment ID  302 ) ;
3 April 2026 @ 3:05 pm|corporativo-scaled.jpg| 301|You can only optimize images from a domain using a single free account. Request rejected.( Attachment ID  301 ) ( Attachment ID  301 ) ;
3 April 2026 @ 3:05 pm|comercial-scaled.jpg| 300|You can only optimize images from a domain using a single free account. Request rejected.( Attachment ID  300 ) ( Attachment ID  300 ) ;
3 April 2026 @ 3:05 pm|hero-2-1-scaled.webp| 287|You can only optimize images from a domain using a single free account. Request rejected.( Attachment ID  287 ) ( Attachment ID  287 ) ;
3 April 2026 @ 3:05 pm|hero-2-scaled.webp| 283|You can only optimize images from a domain using a single free account. Request rejected.( Attachment ID  283 ) ( Attachment ID  283 ) ;
3 April 2026 @ 3:05 pm|site-icon.webp| 322|You can only optimize images from a domain using a single free account. Request rejected.( Attachment ID  322 ) ( Attachment ID  322 ) ;
3 April 2026 @ 3:05 pm|section-studiochao-scaled.jpg| 308|You can only optimize images from a domain using a single free account. Request rejected.( Attachment ID  308 ) ( Attachment ID  308 ) ;
3 April 2026 @ 3:05 pm|hero-1-scaled.webp| 282|You can only optimize images from a domain using a single free account. Request rejected.( Attachment ID  282 ) ( Attachment ID  282 ) ;
3 April 2026 @ 3:05 pm|hero-quemsomos-scaled.jpg| 306|You can only optimize images from a domain using a single free account. Request rejected.( Attachment ID  306 ) ( Attachment ID  306 ) ;
3 April 2026 @ 3:05 pm|luana.jpg| 304|You can only optimize images from a domain using a single free account. Request rejected.( Attachment ID  304 ) ( Attachment ID  304 ) ;
3 April 2026 @ 3:05 pm|hero-4-scaled.webp| 281|You can only optimize images from a domain using a single free account. Request rejected.( Attachment ID  281 ) ( Attachment ID  281 ) ;
3 April 2026 @ 3:05 pm|neuza.jpg| 303|You can only optimize images from a domain using a single free account. Request rejected.( Attachment ID  303 ) ( Attachment ID  303 ) ;
3 April 2026 @ 3:05 pm|hero-3-scaled.webp| 280|You can only optimize images from a domain using a single free account. Request rejected.( Attachment ID  280 ) ( Attachment ID  280 ) ;
3 April 2026 @ 3:06 pm|residencial-scaled.jpg| 302|You can only optimize images from a domain using a single free account. Request rejected.( Attachment ID  302 ) ( Attachment ID  302 ) ;
3 April 2026 @ 3:06 pm|corporativo-scaled.jpg| 301|You can only optimize images from a domain using a single free account. Request rejected.( Attachment ID  301 ) ( Attachment ID  301 ) ;
3 April 2026 @ 3:06 pm|comercial-scaled.jpg| 300|You can only optimize images from a domain using a single free account. Request rejected.( Attachment ID  300 ) ( Attachment ID  300 ) ;
3 April 2026 @ 3:06 pm|site-icon.webp| 322|You can only optimize images from a domain using a single free account. Request rejected.( Attachment ID  322 ) ( Attachment ID  322 ) ;
3 April 2026 @ 3:06 pm|section-studiochao-scaled.jpg| 308|You can only optimize images from a domain using a single free account. Request rejected.( Attachment ID  308 ) ( Attachment ID  308 ) ;
3 April 2026 @ 3:06 pm|hero-quemsomos-scaled.jpg| 306|You can only optimize images from a domain using a single free account. Request rejected.( Attachment ID  306 ) ( Attachment ID  306 ) ;
3 April 2026 @ 3:06 pm|luana.jpg| 304|You can only optimize images from a domain using a single free account. Request rejected.( Attachment ID  304 ) ( Attachment ID  304 ) ;
3 April 2026 @ 3:06 pm|neuza.jpg| 303|You can only optimize images from a domain using a single free account. Request rejected.( Attachment ID  303 ) ( Attachment ID  303 ) ;
3 April 2026 @ 3:06 pm|residencial-scaled.jpg| 302|You can only optimize images from a domain using a single free account. Request rejected.( Attachment ID  302 ) ( Attachment ID  302 ) ;
3 April 2026 @ 3:06 pm|corporativo-scaled.jpg| 301|You can only optimize images from a domain using a single free account. Request rejected.( Attachment ID  301 ) ( Attachment ID  301 ) ;
3 April 2026 @ 3:06 pm|comercial-scaled.jpg| 300|You can only optimize images from a domain using a single free account. Request rejected.( Attachment ID  300 ) ( Attachment ID  300 ) ;
3 April 2026 @ 3:06 pm|hero-2-1-scaled.webp| 287|You can only optimize images from a domain using a single free account. Request rejected.( Attachment ID  287 ) ( Attachment ID  287 ) ;
3 April 2026 @ 3:06 pm|hero-2-scaled.webp| 283|You can only optimize images from a domain using a single free account. Request rejected.( Attachment ID  283 ) ( Attachment ID  283 ) ;
3 April 2026 @ 3:06 pm|site-icon.webp| 322|You can only optimize images from a domain using a single free account. Request rejected.( Attachment ID  322 ) ( Attachment ID  322 ) ;
3 April 2026 @ 3:06 pm|section-studiochao-scaled.jpg| 308|You can only optimize images from a domain using a single free account. Request rejected.( Attachment ID  308 ) ( Attachment ID  308 ) ;
3 April 2026 @ 3:06 pm|hero-quemsomos-scaled.jpg| 306|You can only optimize images from a domain using a single free account. Request rejected.( Attachment ID  306 ) ( Attachment ID  306 ) ;
3 April 2026 @ 3:06 pm|luana.jpg| 304|You can only optimize images from a domain using a single free account. Request rejected.( Attachment ID  304 ) ( Attachment ID  304 ) ;
3 April 2026 @ 3:06 pm|neuza.jpg| 303|You can only optimize images from a domain using a single free account. Request rejected.( Attachment ID  303 ) ( Attachment ID  303 ) ;
3 April 2026 @ 3:06 pm|site-icon.webp| 322|You can only optimize images from a domain using a single free account. Request rejected.( Attachment ID  322 ) ( Attachment ID  322 ) ;
3 April 2026 @ 3:06 pm|section-studiochao-scaled.jpg| 308|You can only optimize images from a domain using a single free account. Request rejected.( Attachment ID  308 ) ( Attachment ID  308 ) ;
3 April 2026 @ 3:06 pm|hero-quemsomos-scaled.jpg| 306|You can only optimize images from a domain using a single free account. Request rejected.( Attachment ID  306 ) ( Attachment ID  306 ) ;
3 April 2026 @ 3:06 pm|luana.jpg| 304|You can only optimize images from a domain using a single free account. Request rejected.( Attachment ID  304 ) ( Attachment ID  304 ) ;
3 April 2026 @ 3:06 pm|neuza.jpg| 303|You can only optimize images from a domain using a single free account. Request rejected.( Attachment ID  303 ) ( Attachment ID  303 ) ;
3 April 2026 @ 3:06 pm|residencial-scaled.jpg| 302|You can only optimize images from a domain using a single free account. Request rejected.( Attachment ID  302 ) ( Attachment ID  302 ) ;
3 April 2026 @ 3:06 pm|corporativo-scaled.jpg| 301|You can only optimize images from a domain using a single free account. Request rejected.( Attachment ID  301 ) ( Attachment ID  301 ) ;
3 April 2026 @ 3:06 pm|comercial-scaled.jpg| 300|You can only optimize images from a domain using a single free account. Request rejected.( Attachment ID  300 ) ( Attachment ID  300 ) ;
3 April 2026 @ 3:06 pm|hero-2-1-scaled.webp| 287|You can only optimize images from a domain using a single free account. Request rejected.( Attachment ID  287 ) ( Attachment ID  287 ) ;
3 April 2026 @ 3:06 pm|hero-2-scaled.webp| 283|You can only optimize images from a domain using a single free account. Request rejected.( Attachment ID  283 ) ( Attachment ID  283 ) ;
3 April 2026 @ 3:06 pm|site-icon.webp| 322|You can only optimize images from a domain using a single free account. Request rejected.( Attachment ID  322 ) ( Attachment ID  322 ) ;
3 April 2026 @ 3:06 pm|section-studiochao-scaled.jpg| 308|You can only optimize images from a domain using a single free account. Request rejected.( Attachment ID  308 ) ( Attachment ID  308 ) ;
3 April 2026 @ 3:06 pm|hero-quemsomos-scaled.jpg| 306|You can only optimize images from a domain using a single free account. Request rejected.( Attachment ID  306 ) ( Attachment ID  306 ) ;
3 April 2026 @ 3:06 pm|luana.jpg| 304|You can only optimize images from a domain using a single free account. Request rejected.( Attachment ID  304 ) ( Attachment ID  304 ) ;
3 April 2026 @ 3:06 pm|neuza.jpg| 303|You can only optimize images from a domain using a single free account. Request rejected.( Attachment ID  303 ) ( Attachment ID  303 ) ;
3 April 2026 @ 3:06 pm|residencial-scaled.jpg| 302|You can only optimize images from a domain using a single free account. Request rejected.( Attachment ID  302 ) ( Attachment ID  302 ) ;
3 April 2026 @ 3:06 pm|hero-1-scaled.webp| 282|You can only optimize images from a domain using a single free account. Request rejected.( Attachment ID  282 ) ( Attachment ID  282 ) ;
3 April 2026 @ 3:06 pm|corporativo-scaled.jpg| 301|You can only optimize images from a domain using a single free account. Request rejected.( Attachment ID  301 ) ( Attachment ID  301 ) ;
3 April 2026 @ 3:06 pm|hero-4-scaled.webp| 281|You can only optimize images from a domain using a single free account. Request rejected.( Attachment ID  281 ) ( Attachment ID  281 ) ;
3 April 2026 @ 3:06 pm|comercial-scaled.jpg| 300|You can only optimize images from a domain using a single free account. Request rejected.( Attachment ID  300 ) ( Attachment ID  300 ) ;
3 April 2026 @ 3:06 pm|hero-3-scaled.webp| 280|You can only optimize images from a domain using a single free account. Request rejected.( Attachment ID  280 ) ( Attachment ID  280 ) ;
3 April 2026 @ 3:06 pm|hero-2-1-scaled.webp| 287|You can only optimize images from a domain using a single free account. Request rejected.( Attachment ID  287 ) ( Attachment ID  287 ) ;
3 April 2026 @ 3:06 pm|hero-2-scaled.webp| 283|You can only optimize images from a domain using a single free account. Request rejected.( Attachment ID  283 ) ( Attachment ID  283 ) ;
3 April 2026 @ 3:06 pm|site-icon.webp| 322|You can only optimize images from a domain using a single free account. Request rejected.( Attachment ID  322 ) ( Attachment ID  322 ) ;
3 April 2026 @ 3:06 pm|section-studiochao-scaled.jpg| 308|You can only optimize images from a domain using a single free account. Request rejected.( Attachment ID  308 ) ( Attachment ID  308 ) ;
3 April 2026 @ 3:06 pm|hero-quemsomos-scaled.jpg| 306|You can only optimize images from a domain using a single free account. Request rejected.( Attachment ID  306 ) ( Attachment ID  306 ) ;
3 April 2026 @ 3:07 pm|luana.jpg| 304|You can only optimize images from a domain using a single free account. Request rejected.( Attachment ID  304 ) ( Attachment ID  304 ) ;
3 April 2026 @ 3:07 pm|neuza.jpg| 303|You can only optimize images from a domain using a single free account. Request rejected.( Attachment ID  303 ) ( Attachment ID  303 ) ;
3 April 2026 @ 3:07 pm|residencial-scaled.jpg| 302|You can only optimize images from a domain using a single free account. Request rejected.( Attachment ID  302 ) ( Attachment ID  302 ) ;
3 April 2026 @ 3:07 pm|corporativo-scaled.jpg| 301|You can only optimize images from a domain using a single free account. Request rejected.( Attachment ID  301 ) ( Attachment ID  301 ) ;
3 April 2026 @ 3:07 pm|hero-1-scaled.webp| 282|You can only optimize images from a domain using a single free account. Request rejected.( Attachment ID  282 ) ( Attachment ID  282 ) ;
3 April 2026 @ 3:07 pm|comercial-scaled.jpg| 300|You can only optimize images from a domain using a single free account. Request rejected.( Attachment ID  300 ) ( Attachment ID  300 ) ;
3 April 2026 @ 3:07 pm|hero-4-scaled.webp| 281|You can only optimize images from a domain using a single free account. Request rejected.( Attachment ID  281 ) ( Attachment ID  281 ) ;
3 April 2026 @ 3:07 pm|hero-2-1-scaled.webp| 287|You can only optimize images from a domain using a single free account. Request rejected.( Attachment ID  287 ) ( Attachment ID  287 ) ;
3 April 2026 @ 3:07 pm|hero-3-scaled.webp| 280|You can only optimize images from a domain using a single free account. Request rejected.( Attachment ID  280 ) ( Attachment ID  280 ) ;
3 April 2026 @ 3:07 pm|hero-2-scaled.webp| 283|You can only optimize images from a domain using a single free account. Request rejected.( Attachment ID  283 ) ( Attachment ID  283 ) ;
3 April 2026 @ 3:07 pm|site-icon.webp| 322|You can only optimize images from a domain using a single free account. Request rejected.( Attachment ID  322 ) ( Attachment ID  322 ) ;
3 April 2026 @ 3:07 pm|section-studiochao-scaled.jpg| 308|You can only optimize images from a domain using a single free account. Request rejected.( Attachment ID  308 ) ( Attachment ID  308 ) ;
3 April 2026 @ 3:07 pm|residencial-scaled.jpg| 302|You can only optimize images from a domain using a single free account. Request rejected.( Attachment ID  302 ) ( Attachment ID  302 ) ;
3 April 2026 @ 3:07 pm|corporativo-scaled.jpg| 301|You can only optimize images from a domain using a single free account. Request rejected.( Attachment ID  301 ) ( Attachment ID  301 ) ;
3 April 2026 @ 3:07 pm|comercial-scaled.jpg| 300|You can only optimize images from a domain using a single free account. Request rejected.( Attachment ID  300 ) ( Attachment ID  300 ) ;
3 April 2026 @ 3:07 pm|hero-2-1-scaled.webp| 287|You can only optimize images from a domain using a single free account. Request rejected.( Attachment ID  287 ) ( Attachment ID  287 ) ;
3 April 2026 @ 3:07 pm|hero-2-scaled.webp| 283|You can only optimize images from a domain using a single free account. Request rejected.( Attachment ID  283 ) ( Attachment ID  283 ) ;
3 April 2026 @ 3:07 pm|site-icon.webp| 322|You can only optimize images from a domain using a single free account. Request rejected.( Attachment ID  322 ) ( Attachment ID  322 ) ;
3 April 2026 @ 3:07 pm|section-studiochao-scaled.jpg| 308|You can only optimize images from a domain using a single free account. Request rejected.( Attachment ID  308 ) ( Attachment ID  308 ) ;
3 April 2026 @ 3:07 pm|hero-quemsomos-scaled.jpg| 306|You can only optimize images from a domain using a single free account. Request rejected.( Attachment ID  306 ) ( Attachment ID  306 ) ;
3 April 2026 @ 3:07 pm|luana.jpg| 304|You can only optimize images from a domain using a single free account. Request rejected.( Attachment ID  304 ) ( Attachment ID  304 ) ;
3 April 2026 @ 3:07 pm|neuza.jpg| 303|You can only optimize images from a domain using a single free account. Request rejected.( Attachment ID  303 ) ( Attachment ID  303 ) ;
3 April 2026 @ 3:07 pm|residencial-scaled.jpg| 302|You can only optimize images from a domain using a single free account. Request rejected.( Attachment ID  302 ) ( Attachment ID  302 ) ;
3 April 2026 @ 3:07 pm|corporativo-scaled.jpg| 301|You can only optimize images from a domain using a single free account. Request rejected.( Attachment ID  301 ) ( Attachment ID  301 ) ;
3 April 2026 @ 3:07 pm|comercial-scaled.jpg| 300|You can only optimize images from a domain using a single free account. Request rejected.( Attachment ID  300 ) ( Attachment ID  300 ) ;
3 April 2026 @ 3:07 pm|hero-2-1-scaled.webp| 287|You can only optimize images from a domain using a single free account. Request rejected.( Attachment ID  287 ) ( Attachment ID  287 ) ;
3 April 2026 @ 3:07 pm|hero-2-scaled.webp| 283|You can only optimize images from a domain using a single free account. Request rejected.( Attachment ID  283 ) ( Attachment ID  283 ) ;
3 April 2026 @ 3:07 pm|site-icon.webp| 322|You can only optimize images from a domain using a single free account. Request rejected.( Attachment ID  322 ) ( Attachment ID  322 ) ;
3 April 2026 @ 3:07 pm|section-studiochao-scaled.jpg| 308|You can only optimize images from a domain using a single free account. Request rejected.( Attachment ID  308 ) ( Attachment ID  308 ) ;
3 April 2026 @ 3:07 pm|hero-quemsomos-scaled.jpg| 306|You can only optimize images from a domain using a single free account. Request rejected.( Attachment ID  306 ) ( Attachment ID  306 ) ;
3 April 2026 @ 3:07 pm|luana.jpg| 304|You can only optimize images from a domain using a single free account. Request rejected.( Attachment ID  304 ) ( Attachment ID  304 ) ;
3 April 2026 @ 3:07 pm|neuza.jpg| 303|You can only optimize images from a domain using a single free account. Request rejected.( Attachment ID  303 ) ( Attachment ID  303 ) ;
3 April 2026 @ 3:07 pm|residencial-scaled.jpg| 302|You can only optimize images from a domain using a single free account. Request rejected.( Attachment ID  302 ) ( Attachment ID  302 ) ;
3 April 2026 @ 3:07 pm|corporativo-scaled.jpg| 301|You can only optimize images from a domain using a single free account. Request rejected.( Attachment ID  301 ) ( Attachment ID  301 ) ;
3 April 2026 @ 3:07 pm|comercial-scaled.jpg| 300|You can only optimize images from a domain using a single free account. Request rejected.( Attachment ID  300 ) ( Attachment ID  300 ) ;
3 April 2026 @ 3:07 pm|hero-2-1-scaled.webp| 287|You can only optimize images from a domain using a single free account. Request rejected.( Attachment ID  287 ) ( Attachment ID  287 ) ;
3 April 2026 @ 3:07 pm|hero-2-scaled.webp| 283|You can only optimize images from a domain using a single free account. Request rejected.( Attachment ID  283 ) ( Attachment ID  283 ) ;
3 April 2026 @ 3:07 pm|site-icon.webp| 322|You can only optimize images from a domain using a single free account. Request rejected.( Attachment ID  322 ) ( Attachment ID  322 ) ;
3 April 2026 @ 3:07 pm|section-studiochao-scaled.jpg| 308|You can only optimize images from a domain using a single free account. Request rejected.( Attachment ID  308 ) ( Attachment ID  308 ) ;
3 April 2026 @ 3:07 pm|hero-quemsomos-scaled.jpg| 306|You can only optimize images from a domain using a single free account. Request rejected.( Attachment ID  306 ) ( Attachment ID  306 ) ;
3 April 2026 @ 3:07 pm|luana.jpg| 304|You can only optimize images from a domain using a single free account. Request rejected.( Attachment ID  304 ) ( Attachment ID  304 ) ;
3 April 2026 @ 3:07 pm|neuza.jpg| 303|You can only optimize images from a domain using a single free account. Request rejected.( Attachment ID  303 ) ( Attachment ID  303 ) ;
3 April 2026 @ 3:07 pm|residencial-scaled.jpg| 302|You can only optimize images from a domain using a single free account. Request rejected.( Attachment ID  302 ) ( Attachment ID  302 ) ;
3 April 2026 @ 3:07 pm|corporativo-scaled.jpg| 301|You can only optimize images from a domain using a single free account. Request rejected.( Attachment ID  301 ) ( Attachment ID  301 ) ;
3 April 2026 @ 3:07 pm|hero-1-scaled.webp| 282|You can only optimize images from a domain using a single free account. Request rejected.( Attachment ID  282 ) ( Attachment ID  282 ) ;
3 April 2026 @ 3:07 pm|comercial-scaled.jpg| 300|You can only optimize images from a domain using a single free account. Request rejected.( Attachment ID  300 ) ( Attachment ID  300 ) ;
3 April 2026 @ 3:07 pm|hero-4-scaled.webp| 281|You can only optimize images from a domain using a single free account. Request rejected.( Attachment ID  281 ) ( Attachment ID  281 ) ;
3 April 2026 @ 3:07 pm|hero-2-1-scaled.webp| 287|You can only optimize images from a domain using a single free account. Request rejected.( Attachment ID  287 ) ( Attachment ID  287 ) ;
3 April 2026 @ 3:08 pm|hero-3-scaled.webp| 280|You can only optimize images from a domain using a single free account. Request rejected.( Attachment ID  280 ) ( Attachment ID  280 ) ;
3 April 2026 @ 3:08 pm|hero-2-scaled.webp| 283|You can only optimize images from a domain using a single free account. Request rejected.( Attachment ID  283 ) ( Attachment ID  283 ) ;
3 April 2026 @ 3:08 pm|site-icon.webp| 322|You can only optimize images from a domain using a single free account. Request rejected.( Attachment ID  322 ) ( Attachment ID  322 ) ;
3 April 2026 @ 3:08 pm|section-studiochao-scaled.jpg| 308|You can only optimize images from a domain using a single free account. Request rejected.( Attachment ID  308 ) ( Attachment ID  308 ) ;
3 April 2026 @ 3:08 pm|hero-quemsomos-scaled.jpg| 306|You can only optimize images from a domain using a single free account. Request rejected.( Attachment ID  306 ) ( Attachment ID  306 ) ;
3 April 2026 @ 3:08 pm|luana.jpg| 304|You can only optimize images from a domain using a single free account. Request rejected.( Attachment ID  304 ) ( Attachment ID  304 ) ;
3 April 2026 @ 3:08 pm|neuza.jpg| 303|You can only optimize images from a domain using a single free account. Request rejected.( Attachment ID  303 ) ( Attachment ID  303 ) ;
3 April 2026 @ 3:08 pm|residencial-scaled.jpg| 302|You can only optimize images from a domain using a single free account. Request rejected.( Attachment ID  302 ) ( Attachment ID  302 ) ;
3 April 2026 @ 3:08 pm|corporativo-scaled.jpg| 301|You can only optimize images from a domain using a single free account. Request rejected.( Attachment ID  301 ) ( Attachment ID  301 ) ;
3 April 2026 @ 3:08 pm|hero-1-scaled.webp| 282|You can only optimize images from a domain using a single free account. Request rejected.( Attachment ID  282 ) ( Attachment ID  282 ) ;
3 April 2026 @ 3:08 pm|comercial-scaled.jpg| 300|You can only optimize images from a domain using a single free account. Request rejected.( Attachment ID  300 ) ( Attachment ID  300 ) ;
3 April 2026 @ 3:08 pm|hero-4-scaled.webp| 281|You can only optimize images from a domain using a single free account. Request rejected.( Attachment ID  281 ) ( Attachment ID  281 ) ;
3 April 2026 @ 3:08 pm|hero-2-1-scaled.webp| 287|You can only optimize images from a domain using a single free account. Request rejected.( Attachment ID  287 ) ( Attachment ID  287 ) ;
3 April 2026 @ 3:08 pm|hero-3-scaled.webp| 280|You can only optimize images from a domain using a single free account. Request rejected.( Attachment ID  280 ) ( Attachment ID  280 ) ;
3 April 2026 @ 3:08 pm|site-icon.webp| 322|You can only optimize images from a domain using a single free account. Request rejected.( Attachment ID  322 ) ( Attachment ID  322 ) ;
3 April 2026 @ 3:08 pm|section-studiochao-scaled.jpg| 308|You can only optimize images from a domain using a single free account. Request rejected.( Attachment ID  308 ) ( Attachment ID  308 ) ;
3 April 2026 @ 3:08 pm|hero-quemsomos-scaled.jpg| 306|You can only optimize images from a domain using a single free account. Request rejected.( Attachment ID  306 ) ( Attachment ID  306 ) ;
3 April 2026 @ 3:08 pm|luana.jpg| 304|You can only optimize images from a domain using a single free account. Request rejected.( Attachment ID  304 ) ( Attachment ID  304 ) ;
3 April 2026 @ 3:08 pm|neuza.jpg| 303|You can only optimize images from a domain using a single free account. Request rejected.( Attachment ID  303 ) ( Attachment ID  303 ) ;
3 April 2026 @ 3:08 pm|residencial-scaled.jpg| 302|You can only optimize images from a domain using a single free account. Request rejected.( Attachment ID  302 ) ( Attachment ID  302 ) ;
3 April 2026 @ 3:08 pm|corporativo-scaled.jpg| 301|You can only optimize images from a domain using a single free account. Request rejected.( Attachment ID  301 ) ( Attachment ID  301 ) ;
3 April 2026 @ 3:08 pm|comercial-scaled.jpg| 300|You can only optimize images from a domain using a single free account. Request rejected.( Attachment ID  300 ) ( Attachment ID  300 ) ;
3 April 2026 @ 3:08 pm|hero-2-1-scaled.webp| 287|Timeout fetching data from ShortPixel servers. If persistent, check server connection / whitelist;
3 April 2026 @ 3:08 pm|hero-2-scaled.webp| 283|Timeout fetching data from ShortPixel servers. If persistent, check server connection / whitelist;
3 April 2026 @ 3:09 pm|site-icon.webp| 322|Timeout fetching data from ShortPixel servers. If persistent, check server connection / whitelist;
3 April 2026 @ 3:09 pm|section-studiochao-scaled.jpg| 308|cURL error 7: Failed to connect to api.shortpixel.com port 443: No route to host;
3 April 2026 @ 3:09 pm|hero-quemsomos-scaled.jpg| 306|cURL error 7: Failed to connect to api.shortpixel.com port 443: No route to host;
3 April 2026 @ 3:09 pm|luana.jpg| 304|cURL error 7: Failed to connect to api.shortpixel.com port 443: No route to host;
3 April 2026 @ 3:09 pm|residencial-scaled.jpg| 302|Timeout fetching data from ShortPixel servers. If persistent, check server connection / whitelist;
3 April 2026 @ 3:09 pm|neuza.jpg| 303|cURL error 7: Failed to connect to api.shortpixel.com port 443: No route to host;
3 April 2026 @ 3:09 pm|site-icon.webp| 322|cURL error 7: Failed to connect to api.shortpixel.com port 443: No route to host;
3 April 2026 @ 3:09 pm|section-studiochao-scaled.jpg| 308|cURL error 7: Failed to connect to api.shortpixel.com port 443: No route to host;
3 April 2026 @ 3:09 pm|hero-quemsomos-scaled.jpg| 306|cURL error 7: Failed to connect to api.shortpixel.com port 443: No route to host;
3 April 2026 @ 3:09 pm|luana.jpg| 304|cURL error 7: Failed to connect to api.shortpixel.com port 443: No route to host;
3 April 2026 @ 3:09 pm|neuza.jpg| 303|cURL error 7: Failed to connect to api.shortpixel.com port 443: No route to host;
3 April 2026 @ 3:09 pm|residencial-scaled.jpg| 302|cURL error 7: Failed to connect to api.shortpixel.com port 443: No route to host;
3 April 2026 @ 3:09 pm|corporativo-scaled.jpg| 301|cURL error 7: Failed to connect to api.shortpixel.com port 443: No route to host;
3 April 2026 @ 3:09 pm|comercial-scaled.jpg| 300|Timeout fetching data from ShortPixel servers. If persistent, check server connection / whitelist;
3 April 2026 @ 3:09 pm|hero-2-1-scaled.webp| 287|cURL error 7: Failed to connect to api.shortpixel.com port 443: No route to host;
3 April 2026 @ 3:09 pm|hero-2-scaled.webp| 283|cURL error 7: Failed to connect to api.shortpixel.com port 443: No route to host;
3 April 2026 @ 3:09 pm|site-icon.webp| 322|cURL error 7: Failed to connect to api.shortpixel.com port 443: No route to host;
3 April 2026 @ 3:09 pm|section-studiochao-scaled.jpg| 308|cURL error 7: Failed to connect to api.shortpixel.com port 443: No route to host;
3 April 2026 @ 3:09 pm|hero-quemsomos-scaled.jpg| 306|cURL error 7: Failed to connect to api.shortpixel.com port 443: No route to host;
3 April 2026 @ 3:09 pm|luana.jpg| 304|cURL error 7: Failed to connect to api.shortpixel.com port 443: No route to host;
3 April 2026 @ 3:09 pm|neuza.jpg| 303|cURL error 7: Failed to connect to api.shortpixel.com port 443: No route to host;
3 April 2026 @ 3:09 pm|residencial-scaled.jpg| 302|cURL error 7: Failed to connect to api.shortpixel.com port 443: No route to host;
3 April 2026 @ 3:09 pm|corporativo-scaled.jpg| 301|cURL error 7: Failed to connect to api.shortpixel.com port 443: No route to host;
3 April 2026 @ 3:09 pm|comercial-scaled.jpg| 300|cURL error 7: Failed to connect to api.shortpixel.com port 443: No route to host;
3 April 2026 @ 3:09 pm|hero-2-1-scaled.webp| 287|cURL error 7: Failed to connect to api.shortpixel.com port 443: No route to host;
3 April 2026 @ 3:09 pm|hero-2-scaled.webp| 283|cURL error 7: Failed to connect to api.shortpixel.com port 443: No route to host;
3 April 2026 @ 3:09 pm|site-icon.webp| 322|cURL error 7: Failed to connect to api.shortpixel.com port 443: No route to host;
3 April 2026 @ 3:09 pm|section-studiochao-scaled.jpg| 308|cURL error 7: Failed to connect to api.shortpixel.com port 443: No route to host;
3 April 2026 @ 3:10 pm|hero-quemsomos-scaled.jpg| 306|cURL error 7: Failed to connect to api.shortpixel.com port 443: No route to host;
3 April 2026 @ 3:10 pm|luana.jpg| 304|cURL error 7: Failed to connect to api.shortpixel.com port 443: No route to host;
3 April 2026 @ 3:10 pm|neuza.jpg| 303|cURL error 7: Failed to connect to api.shortpixel.com port 443: No route to host;
3 April 2026 @ 3:10 pm|site-icon.webp| 322|cURL error 7: Failed to connect to api.shortpixel.com port 443: No route to host;
3 April 2026 @ 3:10 pm|section-studiochao-scaled.jpg| 308|cURL error 7: Failed to connect to api.shortpixel.com port 443: No route to host;
3 April 2026 @ 3:10 pm|hero-quemsomos-scaled.jpg| 306|cURL error 7: Failed to connect to api.shortpixel.com port 443: No route to host;
3 April 2026 @ 3:10 pm|residencial-scaled.jpg| 302|cURL error 7: Failed to connect to api.shortpixel.com port 443: No route to host;
3 April 2026 @ 3:10 pm|corporativo-scaled.jpg| 301|cURL error 7: Failed to connect to api.shortpixel.com port 443: No route to host;
3 April 2026 @ 3:10 pm|luana.jpg| 304|cURL error 7: Failed to connect to api.shortpixel.com port 443: No route to host;
3 April 2026 @ 3:10 pm|neuza.jpg| 303|cURL error 7: Failed to connect to api.shortpixel.com port 443: No route to host;
3 April 2026 @ 3:10 pm|site-icon.webp| 322|cURL error 7: Failed to connect to api.shortpixel.com port 443: No route to host;
3 April 2026 @ 3:10 pm|comercial-scaled.jpg| 300|Timeout fetching data from ShortPixel servers. If persistent, check server connection / whitelist;
3 April 2026 @ 3:10 pm|section-studiochao-scaled.jpg| 308|Timeout fetching data from ShortPixel servers. If persistent, check server connection / whitelist;
3 April 2026 @ 3:10 pm|hero-quemsomos-scaled.jpg| 306|Timeout fetching data from ShortPixel servers. If persistent, check server connection / whitelist;
3 April 2026 @ 3:11 pm|residencial-scaled.jpg| 302|cURL error 7: Failed to connect to api.shortpixel.com port 443: No route to host;
3 April 2026 @ 3:11 pm|corporativo-scaled.jpg| 301|cURL error 7: Failed to connect to api.shortpixel.com port 443: No route to host;
3 April 2026 @ 3:11 pm|comercial-scaled.jpg| 300|cURL error 7: Failed to connect to api.shortpixel.com port 443: No route to host;
3 April 2026 @ 3:12 pm|site-icon.webp| 322|Timeout fetching data from ShortPixel servers. If persistent, check server connection / whitelist;
3 April 2026 @ 3:12 pm|hero-2-1-scaled.webp| 287|cURL error 7: Failed to connect to api.shortpixel.com port 443: No route to host;
3 April 2026 @ 3:12 pm|hero-2-scaled.webp| 283|cURL error 7: Failed to connect to api.shortpixel.com port 443: No route to host;
3 April 2026 @ 3:12 pm|site-icon.webp| 322|cURL error 7: Failed to connect to api.shortpixel.com port 443: No route to host;
3 April 2026 @ 3:12 pm|section-studiochao-scaled.jpg| 308|cURL error 7: Failed to connect to api.shortpixel.com port 443: No route to host;
3 April 2026 @ 3:12 pm|hero-quemsomos-scaled.jpg| 306|cURL error 7: Failed to connect to api.shortpixel.com port 443: No route to host;
3 April 2026 @ 3:12 pm|luana.jpg| 304|cURL error 7: Failed to connect to api.shortpixel.com port 443: No route to host;
3 April 2026 @ 3:12 pm|section-studiochao-scaled.jpg| 308|cURL error 7: Failed to connect to api.shortpixel.com port 443: No route to host;
3 April 2026 @ 3:12 pm|neuza.jpg| 303|cURL error 7: Failed to connect to api.shortpixel.com port 443: No route to host;
3 April 2026 @ 3:12 pm|hero-quemsomos-scaled.jpg| 306|cURL error 7: Failed to connect to api.shortpixel.com port 443: No route to host;
3 April 2026 @ 3:12 pm|luana.jpg| 304|cURL error 7: Failed to connect to api.shortpixel.com port 443: No route to host;
3 April 2026 @ 3:12 pm|residencial-scaled.jpg| 302|cURL error 7: Failed to connect to api.shortpixel.com port 443: No route to host;
3 April 2026 @ 3:12 pm|corporativo-scaled.jpg| 301|cURL error 7: Failed to connect to api.shortpixel.com port 443: No route to host;
3 April 2026 @ 3:12 pm|comercial-scaled.jpg| 300|cURL error 7: Failed to connect to api.shortpixel.com port 443: No route to host;
3 April 2026 @ 3:12 pm|hero-2-1-scaled.webp| 287|cURL error 7: Failed to connect to api.shortpixel.com port 443: No route to host;
3 April 2026 @ 3:12 pm|hero-2-scaled.webp| 283|cURL error 7: Failed to connect to api.shortpixel.com port 443: No route to host;
3 April 2026 @ 3:12 pm|site-icon.webp| 322|cURL error 7: Failed to connect to api.shortpixel.com port 443: No route to host;
3 April 2026 @ 3:12 pm|section-studiochao-scaled.jpg| 308|cURL error 7: Failed to connect to api.shortpixel.com port 443: No route to host;
3 April 2026 @ 3:12 pm|hero-quemsomos-scaled.jpg| 306|cURL error 7: Failed to connect to api.shortpixel.com port 443: No route to host;
3 April 2026 @ 3:12 pm|luana.jpg| 304|cURL error 7: Failed to connect to api.shortpixel.com port 443: No route to host;
3 April 2026 @ 3:12 pm|neuza.jpg| 303|cURL error 7: Failed to connect to api.shortpixel.com port 443: No route to host;
3 April 2026 @ 3:12 pm|residencial-scaled.jpg| 302|cURL error 7: Failed to connect to api.shortpixel.com port 443: No route to host;
3 April 2026 @ 3:12 pm|corporativo-scaled.jpg| 301|cURL error 7: Failed to connect to api.shortpixel.com port 443: No route to host;
3 April 2026 @ 3:12 pm|comercial-scaled.jpg| 300|cURL error 7: Failed to connect to api.shortpixel.com port 443: No route to host;
3 April 2026 @ 3:12 pm|hero-2-1-scaled.webp| 287|cURL error 7: Failed to connect to api.shortpixel.com port 443: No route to host;
3 April 2026 @ 3:12 pm|hero-2-scaled.webp| 283|cURL error 7: Failed to connect to api.shortpixel.com port 443: No route to host;
3 April 2026 @ 3:12 pm|site-icon.webp| 322|cURL error 7: Failed to connect to api.shortpixel.com port 443: No route to host;
3 April 2026 @ 3:12 pm|section-studiochao-scaled.jpg| 308|cURL error 7: Failed to connect to api.shortpixel.com port 443: No route to host;
3 April 2026 @ 3:12 pm|hero-quemsomos-scaled.jpg| 306|Timeout fetching data from ShortPixel servers. If persistent, check server connection / whitelist;
3 April 2026 @ 3:12 pm|luana.jpg| 304|cURL error 7: Failed to connect to api.shortpixel.com port 443: No route to host;
3 April 2026 @ 3:12 pm|neuza.jpg| 303|cURL error 7: Failed to connect to api.shortpixel.com port 443: No route to host;
3 April 2026 @ 3:12 pm|site-icon.webp| 322|cURL error 7: Failed to connect to api.shortpixel.com port 443: No route to host;
3 April 2026 @ 3:12 pm|section-studiochao-scaled.jpg| 308|cURL error 7: Failed to connect to api.shortpixel.com port 443: No route to host;
3 April 2026 @ 3:12 pm|hero-quemsomos-scaled.jpg| 306|cURL error 7: Failed to connect to api.shortpixel.com port 443: No route to host;
3 April 2026 @ 3:12 pm|luana.jpg| 304|cURL error 7: Failed to connect to api.shortpixel.com port 443: No route to host;
3 April 2026 @ 3:12 pm|neuza.jpg| 303|cURL error 7: Failed to connect to api.shortpixel.com port 443: No route to host;
3 April 2026 @ 3:12 pm|residencial-scaled.jpg| 302|cURL error 7: Failed to connect to api.shortpixel.com port 443: No route to host;
3 April 2026 @ 3:12 pm|corporativo-scaled.jpg| 301|cURL error 7: Failed to connect to api.shortpixel.com port 443: No route to host;
3 April 2026 @ 3:12 pm|comercial-scaled.jpg| 300|cURL error 7: Failed to connect to api.shortpixel.com port 443: No route to host;
3 April 2026 @ 3:12 pm|hero-2-1-scaled.webp| 287|cURL error 7: Failed to connect to api.shortpixel.com port 443: No route to host;
3 April 2026 @ 3:12 pm|hero-2-scaled.webp| 283|cURL error 7: Failed to connect to api.shortpixel.com port 443: No route to host;
3 April 2026 @ 3:12 pm|hero-1-scaled.webp| 282|cURL error 7: Failed to connect to api.shortpixel.com port 443: No route to host;
3 April 2026 @ 3:12 pm|hero-4-scaled.webp| 281|cURL error 7: Failed to connect to api.shortpixel.com port 443: No route to host;
3 April 2026 @ 3:12 pm|site-icon.webp| 322|cURL error 7: Failed to connect to api.shortpixel.com port 443: No route to host;
3 April 2026 @ 3:13 pm|section-studiochao-scaled.jpg| 308|cURL error 7: Failed to connect to api.shortpixel.com port 443: No route to host;
3 April 2026 @ 3:13 pm|hero-quemsomos-scaled.jpg| 306|cURL error 7: Failed to connect to api.shortpixel.com port 443: No route to host;
3 April 2026 @ 3:13 pm|hero-3-scaled.webp| 280|Timeout fetching data from ShortPixel servers. If persistent, check server connection / whitelist;
3 April 2026 @ 3:13 pm|residencial-scaled.jpg| 302|cURL error 7: Failed to connect to api.shortpixel.com port 443: No route to host;
3 April 2026 @ 3:13 pm|corporativo-scaled.jpg| 301|cURL error 7: Failed to connect to api.shortpixel.com port 443: No route to host;
3 April 2026 @ 3:13 pm|comercial-scaled.jpg| 300|cURL error 7: Failed to connect to api.shortpixel.com port 443: No route to host;
3 April 2026 @ 3:13 pm|hero-2-1-scaled.webp| 287|cURL error 7: Failed to connect to api.shortpixel.com port 443: No route to host;
3 April 2026 @ 3:13 pm|luana.jpg| 304|cURL error 7: Failed to connect to api.shortpixel.com port 443: No route to host;
3 April 2026 @ 3:13 pm|neuza.jpg| 303|cURL error 7: Failed to connect to api.shortpixel.com port 443: No route to host;
3 April 2026 @ 3:13 pm|hero-2-scaled.webp| 283|cURL error 7: Failed to connect to api.shortpixel.com port 443: No route to host;
3 April 2026 @ 3:13 pm|hero-1-scaled.webp| 282|cURL error 7: Failed to connect to api.shortpixel.com port 443: No route to host;
3 April 2026 @ 3:13 pm|hero-4-scaled.webp| 281|cURL error 7: Failed to connect to api.shortpixel.com port 443: No route to host;
3 April 2026 @ 3:13 pm|hero-3-scaled.webp| 280|cURL error 7: Failed to connect to api.shortpixel.com port 443: No route to host;
3 April 2026 @ 3:13 pm|residencial-scaled.jpg| 302|cURL error 7: Failed to connect to api.shortpixel.com port 443: No route to host;
3 April 2026 @ 3:13 pm|corporativo-scaled.jpg| 301|cURL error 7: Failed to connect to api.shortpixel.com port 443: No route to host;
3 April 2026 @ 3:13 pm|comercial-scaled.jpg| 300|cURL error 7: Failed to connect to api.shortpixel.com port 443: No route to host;
3 April 2026 @ 3:13 pm|hero-2-1-scaled.webp| 287|cURL error 7: Failed to connect to api.shortpixel.com port 443: No route to host;
3 April 2026 @ 3:13 pm|hero-2-scaled.webp| 283|cURL error 7: Failed to connect to api.shortpixel.com port 443: No route to host;
3 April 2026 @ 3:13 pm|hero-1-scaled.webp| 282|cURL error 7: Failed to connect to api.shortpixel.com port 443: No route to host;
3 April 2026 @ 3:13 pm|hero-4-scaled.webp| 281|cURL error 7: Failed to connect to api.shortpixel.com port 443: No route to host;
3 April 2026 @ 3:13 pm|hero-3-scaled.webp| 280|cURL error 7: Failed to connect to api.shortpixel.com port 443: No route to host;
3 April 2026 @ 3:13 pm|residencial-scaled.jpg| 302|cURL error 7: Failed to connect to api.shortpixel.com port 443: No route to host;
3 April 2026 @ 3:13 pm|corporativo-scaled.jpg| 301|cURL error 7: Failed to connect to api.shortpixel.com port 443: No route to host;
3 April 2026 @ 3:13 pm|comercial-scaled.jpg| 300|cURL error 7: Failed to connect to api.shortpixel.com port 443: No route to host;
3 April 2026 @ 3:13 pm|hero-2-1-scaled.webp| 287|cURL error 7: Failed to connect to api.shortpixel.com port 443: No route to host;
3 April 2026 @ 3:13 pm|hero-2-scaled.webp| 283|cURL error 7: Failed to connect to api.shortpixel.com port 443: No route to host;
3 April 2026 @ 3:13 pm|hero-1-scaled.webp| 282|cURL error 7: Failed to connect to api.shortpixel.com port 443: No route to host;
3 April 2026 @ 3:13 pm|hero-4-scaled.webp| 281|cURL error 7: Failed to connect to api.shortpixel.com port 443: No route to host;
3 April 2026 @ 3:13 pm|hero-3-scaled.webp| 280|cURL error 7: Failed to connect to api.shortpixel.com port 443: No route to host;
3 April 2026 @ 3:13 pm|residencial-scaled.jpg| 302|cURL error 7: Failed to connect to api.shortpixel.com port 443: No route to host;
3 April 2026 @ 3:13 pm|corporativo-scaled.jpg| 301|cURL error 7: Failed to connect to api.shortpixel.com port 443: No route to host;
3 April 2026 @ 3:13 pm|comercial-scaled.jpg| 300|cURL error 7: Failed to connect to api.shortpixel.com port 443: No route to host;
3 April 2026 @ 3:13 pm|hero-2-1-scaled.webp| 287|cURL error 7: Failed to connect to api.shortpixel.com port 443: No route to host;
3 April 2026 @ 3:13 pm|hero-2-scaled.webp| 283|cURL error 7: Failed to connect to api.shortpixel.com port 443: No route to host;
3 April 2026 @ 3:13 pm|hero-1-scaled.webp| 282|cURL error 7: Failed to connect to api.shortpixel.com port 443: No route to host;
3 April 2026 @ 3:13 pm|hero-4-scaled.webp| 281|cURL error 7: Failed to connect to api.shortpixel.com port 443: No route to host;
3 April 2026 @ 3:13 pm|hero-3-scaled.webp| 280|cURL error 7: Failed to connect to api.shortpixel.com port 443: No route to host;
3 April 2026 @ 3:13 pm|residencial-scaled.jpg| 302|cURL error 7: Failed to connect to api.shortpixel.com port 443: No route to host;
3 April 2026 @ 3:13 pm|corporativo-scaled.jpg| 301|cURL error 7: Failed to connect to api.shortpixel.com port 443: No route to host;
3 April 2026 @ 3:13 pm|comercial-scaled.jpg| 300|cURL error 7: Failed to connect to api.shortpixel.com port 443: No route to host;
3 April 2026 @ 3:13 pm|hero-2-1-scaled.webp| 287|cURL error 7: Failed to connect to api.shortpixel.com port 443: No route to host;
3 April 2026 @ 3:13 pm|hero-2-scaled.webp| 283|cURL error 7: Failed to connect to api.shortpixel.com port 443: No route to host;
3 April 2026 @ 3:13 pm|hero-1-scaled.webp| 282|cURL error 7: Failed to connect to api.shortpixel.com port 443: No route to host;
3 April 2026 @ 3:13 pm|hero-4-scaled.webp| 281|cURL error 7: Failed to connect to api.shortpixel.com port 443: No route to host;
3 April 2026 @ 3:13 pm|hero-3-scaled.webp| 280|cURL error 7: Failed to connect to api.shortpixel.com port 443: No route to host;
3 April 2026 @ 3:14 pm|hero-1-scaled.webp| 282|cURL error 7: Failed to connect to api.shortpixel.com port 443: No route to host;
3 April 2026 @ 3:14 pm|hero-4-scaled.webp| 281|cURL error 7: Failed to connect to api.shortpixel.com port 443: No route to host;
3 April 2026 @ 3:14 pm|hero-3-scaled.webp| 280|cURL error 7: Failed to connect to api.shortpixel.com port 443: No route to host;
3 April 2026 @ 3:14 pm|hero-1-scaled.webp| 282|cURL error 7: Failed to connect to api.shortpixel.com port 443: No route to host;
3 April 2026 @ 3:14 pm|hero-4-scaled.webp| 281|Timeout fetching data from ShortPixel servers. If persistent, check server connection / whitelist;
3 April 2026 @ 3:14 pm|hero-3-scaled.webp| 280|cURL error 7: Failed to connect to api.shortpixel.com port 443: No route to host;
3 April 2026 @ 3:14 pm|hero-1-scaled.webp| 282|cURL error 7: Failed to connect to api.shortpixel.com port 443: No route to host;
3 April 2026 @ 3:14 pm|hero-4-scaled.webp| 281|cURL error 7: Failed to connect to api.shortpixel.com port 443: No route to host;
3 April 2026 @ 3:14 pm|hero-3-scaled.webp| 280|cURL error 7: Failed to connect to api.shortpixel.com port 443: No route to host;
3 April 2026 @ 3:14 pm|hero-1-scaled.webp| 282|cURL error 7: Failed to connect to api.shortpixel.com port 443: No route to host;
3 April 2026 @ 3:14 pm|hero-4-scaled.webp| 281|cURL error 7: Failed to connect to api.shortpixel.com port 443: No route to host;
3 April 2026 @ 3:14 pm|hero-3-scaled.webp| 280|cURL error 7: Failed to connect to api.shortpixel.com port 443: No route to host;
3 April 2026 @ 3:14 pm|hero-1-scaled.webp| 282|cURL error 7: Failed to connect to api.shortpixel.com port 443: No route to host;
3 April 2026 @ 3:14 pm|hero-4-scaled.webp| 281|cURL error 7: Failed to connect to api.shortpixel.com port 443: No route to host;
3 April 2026 @ 3:14 pm|hero-3-scaled.webp| 280|cURL error 7: Failed to connect to api.shortpixel.com port 443: No route to host;
3 April 2026 @ 3:15 pm|hero-1-scaled.webp| 282|cURL error 7: Failed to connect to api.shortpixel.com port 443: No route to host;
3 April 2026 @ 3:15 pm|hero-4-scaled.webp| 281|Timeout fetching data from ShortPixel servers. If persistent, check server connection / whitelist;
3 April 2026 @ 3:15 pm|hero-3-scaled.webp| 280|cURL error 7: Failed to connect to api.shortpixel.com port 443: No route to host;
3 April 2026 @ 3:15 pm|hero-1-scaled.webp| 282|cURL error 7: Failed to connect to api.shortpixel.com port 443: No route to host;
3 April 2026 @ 3:15 pm|hero-4-scaled.webp| 281|cURL error 7: Failed to connect to api.shortpixel.com port 443: No route to host;
3 April 2026 @ 3:15 pm|hero-3-scaled.webp| 280|cURL error 7: Failed to connect to api.shortpixel.com port 443: No route to host;
3 April 2026 @ 3:15 pm|hero-1-scaled.webp| 282|cURL error 7: Failed to connect to api.shortpixel.com port 443: No route to host;
3 April 2026 @ 3:15 pm|hero-4-scaled.webp| 281|cURL error 7: Failed to connect to api.shortpixel.com port 443: No route to host;
3 April 2026 @ 3:15 pm|hero-3-scaled.webp| 280|cURL error 7: Failed to connect to api.shortpixel.com port 443: No route to host;
3 April 2026 @ 3:15 pm|hero-1-scaled.webp| 282|cURL error 7: Failed to connect to api.shortpixel.com port 443: No route to host;
3 April 2026 @ 3:15 pm|hero-4-scaled.webp| 281|cURL error 7: Failed to connect to api.shortpixel.com port 443: No route to host;
3 April 2026 @ 3:15 pm|hero-3-scaled.webp| 280|cURL error 7: Failed to connect to api.shortpixel.com port 443: No route to host;
